// Jest Snapshot v1, https://goo.gl/fbAQLP

exports[`NewForm should render correctly 1`] = `
<View
  style={
    Object {
      "flex": 1,
    }
  }
>
  <View
    style={
      Object {
        "backgroundColor": "#3700B3",
        "flexDirection": "row",
        "height": 60,
        "marginTop": 20,
        "width": "100%",
      }
    }
  >
    <View
      accessible={true}
      isTVSelectable={true}
      onResponderGrant={[Function]}
      onResponderMove={[Function]}
      onResponderRelease={[Function]}
      onResponderTerminate={[Function]}
      onResponderTerminationRequest={[Function]}
      onStartShouldSetResponder={[Function]}
      style={
        Object {
          "opacity": 1,
        }
      }
    >
      <Image
        source={
          Object {
            "testUri": "../../../public/icons/baseline_arrow_back_white_18dp.png",
          }
        }
        style={
          Object {
            "marginTop": 12,
          }
        }
      />
    </View>
    <Text
      style={
        Object {
          "color": "white",
          "fontSize": 22,
          "marginLeft": 20,
          "marginTop": 16,
        }
      }
    >
      Header
    </Text>
    <Image
      source={
        Object {
          "testUri": "../../../public/icons/baseline_more_vert_white_48pt_3x.png",
        }
      }
      style={
        Object {
          "height": 47,
          "marginTop": 6,
          "position": "absolute",
          "resizeMode": "contain",
          "right": -50,
        }
      }
    />
  </View>
  <View>
    <TextInput
      allowFontScaling={true}
      onChangeText={[Function]}
      style={
        Object {
          "borderBottomColor": "black",
          "borderBottomWidth": 1,
          "fontSize": 22,
          "margin": 20,
        }
      }
      underlineColorAndroid="transparent"
    />
  </View>
  <View
    style={
      Object {
        "borderBottomColor": "black",
        "borderBottomWidth": 1,
        "marginBottom": 20,
        "marginTop": 20,
      }
    }
  />
  <View
    style={
      Object {
        "marginLeft": "60%",
      }
    }
  >
    <View
      accessibilityRole="button"
      accessibilityStates={Array []}
      accessible={true}
      isTVSelectable={true}
      onResponderGrant={[Function]}
      onResponderMove={[Function]}
      onResponderRelease={[Function]}
      onResponderTerminate={[Function]}
      onResponderTerminationRequest={[Function]}
      onStartShouldSetResponder={[Function]}
      style={
        Object {
          "opacity": 1,
        }
      }
    >
      <View
        style={
          Array [
            Object {},
          ]
        }
      >
        <Text
          style={
            Array [
              Object {
                "color": "#007AFF",
                "fontSize": 18,
                "padding": 8,
                "textAlign": "center",
              },
            ]
          }
        >
          Add Field
        </Text>
      </View>
    </View>
  </View>
  <RCTScrollView>
    <View />
  </RCTScrollView>
  <View>
    <View
      accessible={true}
      isTVSelectable={true}
      onResponderGrant={[Function]}
      onResponderMove={[Function]}
      onResponderRelease={[Function]}
      onResponderTerminate={[Function]}
      onResponderTerminationRequest={[Function]}
      onStartShouldSetResponder={[Function]}
      style={
        Object {
          "backgroundColor": "#3700B3",
          "bottom": 0,
          "height": 50,
          "opacity": 1,
          "position": "relative",
          "width": "100%",
        }
      }
    >
      <Text
        style={
          Object {
            "color": "white",
            "fontSize": 22,
            "marginTop": 10,
            "textAlign": "center",
          }
        }
      >
        SAVE
      </Text>
    </View>
  </View>
</View>
`;
