// Jest Snapshot v1, https://goo.gl/fbAQLP

exports[`Header should render correctly 1`] = `
<View
  style={
    Object {
      "backgroundColor": "#3700B3",
      "flexDirection": "row",
      "height": 60,
      "marginTop": 20,
      "width": "100%",
    }
  }
>
  <Text
    style={
      Object {
        "color": "white",
        "fontSize": 22,
        "marginLeft": 20,
        "marginTop": 16,
      }
    }
  >
    Header
  </Text>
  <Image
    source={
      Object {
        "testUri": "../../../public/icons/baseline_more_vert_white_48pt_3x.png",
      }
    }
    style={
      Object {
        "height": 47,
        "marginTop": 6,
        "position": "absolute",
        "resizeMode": "contain",
        "right": -50,
      }
    }
  />
</View>
`;
