// Jest Snapshot v1, https://goo.gl/fbAQLP

exports[`FormList should render correctly 1`] = `
<View>
  <View
    style={
      Object {
        "backgroundColor": "white",
        "height": 200,
        "margin": 20,
        "padding": 20,
        "width": 300,
      }
    }
  >
    <Text
      style={
        Object {
          "color": "black",
          "fontSize": 22,
          "fontWeight": "bold",
          "height": 100,
        }
      }
    >
      Hi
    </Text>
    <View
      style={
        Object {
          "borderBottomColor": "black",
          "borderBottomWidth": 1,
          "marginBottom": 20,
          "marginTop": 20,
        }
      }
    />
    <Text
      style={
        Object {
          "bottom": 0,
          "color": "black",
          "marginBottom": 10,
          "marginRight": 15,
          "position": "absolute",
          "right": 0,
        }
      }
    >
      Created On: 15/01/2019
    </Text>
  </View>
  <View
    style={
      Object {
        "backgroundColor": "white",
        "height": 200,
        "margin": 20,
        "padding": 20,
        "width": 300,
      }
    }
  >
    <Text
      style={
        Object {
          "color": "black",
          "fontSize": 22,
          "fontWeight": "bold",
          "height": 100,
        }
      }
    >
      Hi
    </Text>
    <View
      style={
        Object {
          "borderBottomColor": "black",
          "borderBottomWidth": 1,
          "marginBottom": 20,
          "marginTop": 20,
        }
      }
    />
    <Text
      style={
        Object {
          "bottom": 0,
          "color": "black",
          "marginBottom": 10,
          "marginRight": 15,
          "position": "absolute",
          "right": 0,
        }
      }
    >
      Created On: 15/01/2019
    </Text>
  </View>
</View>
`;
