// Jest Snapshot v1, https://goo.gl/fbAQLP

exports[`CustomTextField should render correctly 1`] = `
<View>
  <TextInput
    allowFontScaling={true}
    style={
      Object {
        "borderBottomColor": "black",
        "borderBottomWidth": 1,
        "fontSize": 22,
        "margin": 20,
      }
    }
    underlineColorAndroid="transparent"
  />
</View>
`;
